// Jest Snapshot v1, https://goo.gl/fbAQLP

exports[`PrivateRouter component render correctly 1`] = `null`;
