// Jest Snapshot v1, https://goo.gl/fbAQLP

exports[`Loader component render correctly 1`] = `
<p
  style={
    Object {
      "fontSize": "40px",
      "textAlign": "center",
    }
  }
>
  Loading...
</p>
`;
