// Jest Snapshot v1, https://goo.gl/fbAQLP

exports[`Should Reviews render correctly 1`] = `
<div
  className="movie-card__reviews movie-card__row"
/>
`;
