// Jest Snapshot v1, https://goo.gl/fbAQLP

exports[`Should Reviews render correctly 1`] = `
<div
  className="movie-card__reviews movie-card__row"
>
  <div
    className="movie-card__reviews-col"
  >
    <div
      className="review"
    >
      <blockquote
        className="review__quote"
      >
        <p
          className="review__text"
        >
          Anderson's films are too precious for some, but for those of us willing to lose ourselves in them, they're a delight. "The Grand Budapest Hotel" is no different, except that he has added a hint of gravitas to the mix, improving the recipe.
        </p>
        <footer
          className="review__details"
        >
          <cite
            className="review__author"
          >
            Quentin Tarantino
          </cite>
          <time
            className="review__date"
            dateTime="2010-10-10"
          >
            October 10, 2010
          </time>
        </footer>
      </blockquote>
      <div
        className="review__rating"
      >
        9
      </div>
    </div>
  </div>
  
</div>
`;
