// Jest Snapshot v1, https://goo.gl/fbAQLP

exports[`Should AddReview render correctly 1`] = `null`;
