// Jest Snapshot v1, https://goo.gl/fbAQLP

exports[`Should GenresList render correctly 1`] = `
<ul
  className="catalog__genres-list"
>
  <li
    className="catalog__genres-item catalog__genres-item--active"
    onClick={[Function]}
  >
    <a
      className="catalog__genres-link"
      href="#"
    >
      All genre
    </a>
  </li>
</ul>
`;
